mode: set
github.com/JokerTrickster/joker_backend/services/molandolanService/features/product/usecase/createUseCase.go:19.97,21.2 1 1
github.com/JokerTrickster/joker_backend/services/molandolanService/features/product/usecase/createUseCase.go:23.119,28.24 4 1
github.com/JokerTrickster/joker_backend/services/molandolanService/features/product/usecase/createUseCase.go:28.24,30.3 1 1
github.com/JokerTrickster/joker_backend/services/molandolanService/features/product/usecase/createUseCase.go:32.2,44.16 3 1
github.com/JokerTrickster/joker_backend/services/molandolanService/features/product/usecase/createUseCase.go:44.16,46.3 1 1
github.com/JokerTrickster/joker_backend/services/molandolanService/features/product/usecase/createUseCase.go:48.2,60.8 1 1
github.com/JokerTrickster/joker_backend/services/molandolanService/features/product/usecase/deleteUseCase.go:15.97,17.2 1 1
github.com/JokerTrickster/joker_backend/services/molandolanService/features/product/usecase/deleteUseCase.go:19.67,23.2 3 1
github.com/JokerTrickster/joker_backend/services/molandolanService/features/product/usecase/detailUseCase.go:17.97,19.2 1 1
github.com/JokerTrickster/joker_backend/services/molandolanService/features/product/usecase/detailUseCase.go:21.97,26.16 4 1
github.com/JokerTrickster/joker_backend/services/molandolanService/features/product/usecase/detailUseCase.go:26.16,28.3 1 1
github.com/JokerTrickster/joker_backend/services/molandolanService/features/product/usecase/detailUseCase.go:30.2,42.8 1 1
github.com/JokerTrickster/joker_backend/services/molandolanService/features/product/usecase/listUseCase.go:19.93,21.2 1 1
github.com/JokerTrickster/joker_backend/services/molandolanService/features/product/usecase/listUseCase.go:23.111,28.14 4 1
github.com/JokerTrickster/joker_backend/services/molandolanService/features/product/usecase/listUseCase.go:28.14,30.3 1 1
github.com/JokerTrickster/joker_backend/services/molandolanService/features/product/usecase/listUseCase.go:31.2,32.15 2 1
github.com/JokerTrickster/joker_backend/services/molandolanService/features/product/usecase/listUseCase.go:32.15,34.3 1 1
github.com/JokerTrickster/joker_backend/services/molandolanService/features/product/usecase/listUseCase.go:35.2,35.17 1 1
github.com/JokerTrickster/joker_backend/services/molandolanService/features/product/usecase/listUseCase.go:35.17,37.3 1 1
github.com/JokerTrickster/joker_backend/services/molandolanService/features/product/usecase/listUseCase.go:39.2,40.16 2 1
github.com/JokerTrickster/joker_backend/services/molandolanService/features/product/usecase/listUseCase.go:40.16,42.3 1 1
github.com/JokerTrickster/joker_backend/services/molandolanService/features/product/usecase/listUseCase.go:44.2,45.29 2 1
github.com/JokerTrickster/joker_backend/services/molandolanService/features/product/usecase/listUseCase.go:45.29,58.3 1 1
github.com/JokerTrickster/joker_backend/services/molandolanService/features/product/usecase/listUseCase.go:60.2,70.8 2 1
github.com/JokerTrickster/joker_backend/services/molandolanService/features/product/usecase/updateUseCase.go:18.97,20.2 1 1
github.com/JokerTrickster/joker_backend/services/molandolanService/features/product/usecase/updateUseCase.go:22.128,27.21 4 1
github.com/JokerTrickster/joker_backend/services/molandolanService/features/product/usecase/updateUseCase.go:27.21,29.3 1 1
github.com/JokerTrickster/joker_backend/services/molandolanService/features/product/usecase/updateUseCase.go:30.2,30.22 1 1
github.com/JokerTrickster/joker_backend/services/molandolanService/features/product/usecase/updateUseCase.go:30.22,32.3 1 0
github.com/JokerTrickster/joker_backend/services/molandolanService/features/product/usecase/updateUseCase.go:33.2,33.30 1 1
github.com/JokerTrickster/joker_backend/services/molandolanService/features/product/usecase/updateUseCase.go:33.30,35.3 1 0
github.com/JokerTrickster/joker_backend/services/molandolanService/features/product/usecase/updateUseCase.go:36.2,36.28 1 1
github.com/JokerTrickster/joker_backend/services/molandolanService/features/product/usecase/updateUseCase.go:36.28,38.3 1 0
github.com/JokerTrickster/joker_backend/services/molandolanService/features/product/usecase/updateUseCase.go:39.2,39.22 1 1
github.com/JokerTrickster/joker_backend/services/molandolanService/features/product/usecase/updateUseCase.go:39.22,41.3 1 0
github.com/JokerTrickster/joker_backend/services/molandolanService/features/product/usecase/updateUseCase.go:42.2,42.25 1 1
github.com/JokerTrickster/joker_backend/services/molandolanService/features/product/usecase/updateUseCase.go:42.25,44.3 1 0
github.com/JokerTrickster/joker_backend/services/molandolanService/features/product/usecase/updateUseCase.go:45.2,45.22 1 1
github.com/JokerTrickster/joker_backend/services/molandolanService/features/product/usecase/updateUseCase.go:45.22,47.3 1 0
github.com/JokerTrickster/joker_backend/services/molandolanService/features/product/usecase/updateUseCase.go:48.2,48.24 1 1
github.com/JokerTrickster/joker_backend/services/molandolanService/features/product/usecase/updateUseCase.go:48.24,50.3 1 0
github.com/JokerTrickster/joker_backend/services/molandolanService/features/product/usecase/updateUseCase.go:52.2,52.23 1 1
github.com/JokerTrickster/joker_backend/services/molandolanService/features/product/usecase/updateUseCase.go:52.23,54.17 2 1
github.com/JokerTrickster/joker_backend/services/molandolanService/features/product/usecase/updateUseCase.go:54.17,56.4 1 1
github.com/JokerTrickster/joker_backend/services/molandolanService/features/product/usecase/updateUseCase.go:57.3,61.9 1 1
github.com/JokerTrickster/joker_backend/services/molandolanService/features/product/usecase/updateUseCase.go:64.2,65.16 2 1
github.com/JokerTrickster/joker_backend/services/molandolanService/features/product/usecase/updateUseCase.go:65.16,67.3 1 1
github.com/JokerTrickster/joker_backend/services/molandolanService/features/product/usecase/updateUseCase.go:69.2,81.8 1 1
github.com/JokerTrickster/joker_backend/services/molandolanService/features/ranking/handler/deleteHandler.go:15.65,17.2 1 1
github.com/JokerTrickster/joker_backend/services/molandolanService/features/ranking/handler/deleteHandler.go:19.54,22.16 3 1
github.com/JokerTrickster/joker_backend/services/molandolanService/features/ranking/handler/deleteHandler.go:22.16,24.3 1 1
github.com/JokerTrickster/joker_backend/services/molandolanService/features/ranking/handler/deleteHandler.go:26.2,26.56 1 1
github.com/JokerTrickster/joker_backend/services/molandolanService/features/ranking/handler/deleteHandler.go:26.56,28.3 1 1
github.com/JokerTrickster/joker_backend/services/molandolanService/features/ranking/handler/deleteHandler.go:29.2,29.86 1 1
github.com/JokerTrickster/joker_backend/services/molandolanService/features/ranking/handler/listHandler.go:15.59,17.2 1 1
github.com/JokerTrickster/joker_backend/services/molandolanService/features/ranking/handler/listHandler.go:19.50,23.36 4 1
github.com/JokerTrickster/joker_backend/services/molandolanService/features/ranking/handler/listHandler.go:23.36,25.3 1 1
github.com/JokerTrickster/joker_backend/services/molandolanService/features/ranking/handler/listHandler.go:27.2,28.16 2 1
github.com/JokerTrickster/joker_backend/services/molandolanService/features/ranking/handler/listHandler.go:28.16,30.3 1 1
github.com/JokerTrickster/joker_backend/services/molandolanService/features/ranking/handler/listHandler.go:31.2,31.35 1 1
github.com/JokerTrickster/joker_backend/services/molandolanService/features/ranking/handler/meHandler.go:15.53,17.2 1 1
github.com/JokerTrickster/joker_backend/services/molandolanService/features/ranking/handler/meHandler.go:19.53,23.16 4 1
github.com/JokerTrickster/joker_backend/services/molandolanService/features/ranking/handler/meHandler.go:23.16,25.3 1 1
github.com/JokerTrickster/joker_backend/services/molandolanService/features/ranking/handler/meHandler.go:27.2,28.16 2 1
github.com/JokerTrickster/joker_backend/services/molandolanService/features/ranking/handler/meHandler.go:28.16,30.3 1 1
github.com/JokerTrickster/joker_backend/services/molandolanService/features/ranking/handler/meHandler.go:31.2,31.35 1 1
github.com/JokerTrickster/joker_backend/services/molandolanService/features/ranking/handler/submitHandler.go:20.65,22.2 1 1
github.com/JokerTrickster/joker_backend/services/molandolanService/features/ranking/handler/submitHandler.go:24.54,28.16 4 1
github.com/JokerTrickster/joker_backend/services/molandolanService/features/ranking/handler/submitHandler.go:28.16,30.3 1 1
github.com/JokerTrickster/joker_backend/services/molandolanService/features/ranking/handler/submitHandler.go:32.2,33.36 2 1
github.com/JokerTrickster/joker_backend/services/molandolanService/features/ranking/handler/submitHandler.go:33.36,35.3 1 1
github.com/JokerTrickster/joker_backend/services/molandolanService/features/ranking/handler/submitHandler.go:36.2,36.40 1 1
github.com/JokerTrickster/joker_backend/services/molandolanService/features/ranking/handler/submitHandler.go:36.40,38.3 1 1
github.com/JokerTrickster/joker_backend/services/molandolanService/features/ranking/handler/submitHandler.go:40.2,41.16 2 0
github.com/JokerTrickster/joker_backend/services/molandolanService/features/ranking/handler/submitHandler.go:41.16,43.3 1 0
github.com/JokerTrickster/joker_backend/services/molandolanService/features/ranking/handler/submitHandler.go:45.2,46.16 2 0
github.com/JokerTrickster/joker_backend/services/molandolanService/features/ranking/handler/submitHandler.go:46.16,48.3 1 0
github.com/JokerTrickster/joker_backend/services/molandolanService/features/ranking/handler/submitHandler.go:49.2,49.35 1 0
github.com/JokerTrickster/joker_backend/services/molandolanService/features/ranking/handler/submitHandler.go:52.72,54.102 2 0
github.com/JokerTrickster/joker_backend/services/molandolanService/features/ranking/handler/submitHandler.go:54.102,56.3 1 0
github.com/JokerTrickster/joker_backend/services/molandolanService/features/ranking/handler/submitHandler.go:57.2,57.27 1 0
github.com/JokerTrickster/joker_backend/services/molandolanService/features/ranking/usecase/deleteUseCase.go:15.97,17.2 1 1
github.com/JokerTrickster/joker_backend/services/molandolanService/features/ranking/usecase/deleteUseCase.go:19.67,23.2 3 1
github.com/JokerTrickster/joker_backend/services/molandolanService/features/ranking/usecase/listUseCase.go:17.93,19.2 1 1
github.com/JokerTrickster/joker_backend/services/molandolanService/features/ranking/usecase/listUseCase.go:21.128,26.15 4 1
github.com/JokerTrickster/joker_backend/services/molandolanService/features/ranking/usecase/listUseCase.go:26.15,28.3 1 1
github.com/JokerTrickster/joker_backend/services/molandolanService/features/ranking/usecase/listUseCase.go:29.2,29.17 1 1
github.com/JokerTrickster/joker_backend/services/molandolanService/features/ranking/usecase/listUseCase.go:29.17,31.3 1 0
github.com/JokerTrickster/joker_backend/services/molandolanService/features/ranking/usecase/listUseCase.go:33.2,34.16 2 1
github.com/JokerTrickster/joker_backend/services/molandolanService/features/ranking/usecase/listUseCase.go:34.16,36.3 1 0
github.com/JokerTrickster/joker_backend/services/molandolanService/features/ranking/usecase/listUseCase.go:38.2,39.29 2 1
github.com/JokerTrickster/joker_backend/services/molandolanService/features/ranking/usecase/listUseCase.go:39.29,46.3 1 1
github.com/JokerTrickster/joker_backend/services/molandolanService/features/ranking/usecase/listUseCase.go:48.2,48.58 1 1
github.com/JokerTrickster/joker_backend/services/molandolanService/features/ranking/usecase/meUseCase.go:18.89,20.2 1 1
github.com/JokerTrickster/joker_backend/services/molandolanService/features/ranking/usecase/meUseCase.go:22.113,27.16 4 1
github.com/JokerTrickster/joker_backend/services/molandolanService/features/ranking/usecase/meUseCase.go:27.16,28.36 1 1
github.com/JokerTrickster/joker_backend/services/molandolanService/features/ranking/usecase/meUseCase.go:28.36,30.4 1 1
github.com/JokerTrickster/joker_backend/services/molandolanService/features/ranking/usecase/meUseCase.go:31.3,31.18 1 1
github.com/JokerTrickster/joker_backend/services/molandolanService/features/ranking/usecase/meUseCase.go:34.2,35.16 2 1
github.com/JokerTrickster/joker_backend/services/molandolanService/features/ranking/usecase/meUseCase.go:35.16,37.3 1 1
github.com/JokerTrickster/joker_backend/services/molandolanService/features/ranking/usecase/meUseCase.go:39.2,47.8 1 1
github.com/JokerTrickster/joker_backend/services/molandolanService/features/ranking/usecase/submitUseCase.go:19.97,21.2 1 1
github.com/JokerTrickster/joker_backend/services/molandolanService/features/ranking/usecase/submitUseCase.go:23.146,30.16 5 1
github.com/JokerTrickster/joker_backend/services/molandolanService/features/ranking/usecase/submitUseCase.go:30.16,31.36 1 1
github.com/JokerTrickster/joker_backend/services/molandolanService/features/ranking/usecase/submitUseCase.go:31.36,33.4 1 1
github.com/JokerTrickster/joker_backend/services/molandolanService/features/ranking/usecase/submitUseCase.go:34.3,40.57 2 1
github.com/JokerTrickster/joker_backend/services/molandolanService/features/ranking/usecase/submitUseCase.go:40.57,42.4 1 1
github.com/JokerTrickster/joker_backend/services/molandolanService/features/ranking/usecase/submitUseCase.go:43.3,43.21 1 1
github.com/JokerTrickster/joker_backend/services/molandolanService/features/ranking/usecase/submitUseCase.go:44.8,45.41 1 1
github.com/JokerTrickster/joker_backend/services/molandolanService/features/ranking/usecase/submitUseCase.go:45.41,48.56 3 1
github.com/JokerTrickster/joker_backend/services/molandolanService/features/ranking/usecase/submitUseCase.go:48.56,50.5 1 1
github.com/JokerTrickster/joker_backend/services/molandolanService/features/ranking/usecase/submitUseCase.go:51.4,51.22 1 1
github.com/JokerTrickster/joker_backend/services/molandolanService/features/ranking/usecase/submitUseCase.go:55.2,56.16 2 1
github.com/JokerTrickster/joker_backend/services/molandolanService/features/ranking/usecase/submitUseCase.go:56.16,58.3 1 1
github.com/JokerTrickster/joker_backend/services/molandolanService/features/ranking/usecase/submitUseCase.go:60.2,63.8 1 1
