mode: set
github.com/JokerTrickster/joker_backend/services/lottoDefenseService/features/towerDefense/usecase/auth_usecase.go:23.129,29.2 1 1
github.com/JokerTrickster/joker_backend/services/lottoDefenseService/features/towerDefense/usecase/auth_usecase.go:31.117,34.21 2 1
github.com/JokerTrickster/joker_backend/services/lottoDefenseService/features/towerDefense/usecase/auth_usecase.go:34.21,36.3 1 1
github.com/JokerTrickster/joker_backend/services/lottoDefenseService/features/towerDefense/usecase/auth_usecase.go:38.2,39.21 2 1
github.com/JokerTrickster/joker_backend/services/lottoDefenseService/features/towerDefense/usecase/auth_usecase.go:39.21,41.3 1 1
github.com/JokerTrickster/joker_backend/services/lottoDefenseService/features/towerDefense/usecase/auth_usecase.go:44.2,45.16 2 1
github.com/JokerTrickster/joker_backend/services/lottoDefenseService/features/towerDefense/usecase/auth_usecase.go:45.16,47.3 1 0
github.com/JokerTrickster/joker_backend/services/lottoDefenseService/features/towerDefense/usecase/auth_usecase.go:50.2,57.53 2 1
github.com/JokerTrickster/joker_backend/services/lottoDefenseService/features/towerDefense/usecase/auth_usecase.go:57.53,59.3 1 0
github.com/JokerTrickster/joker_backend/services/lottoDefenseService/features/towerDefense/usecase/auth_usecase.go:62.2,65.59 2 1
github.com/JokerTrickster/joker_backend/services/lottoDefenseService/features/towerDefense/usecase/auth_usecase.go:65.59,67.3 1 0
github.com/JokerTrickster/joker_backend/services/lottoDefenseService/features/towerDefense/usecase/auth_usecase.go:70.2,71.16 2 1
github.com/JokerTrickster/joker_backend/services/lottoDefenseService/features/towerDefense/usecase/auth_usecase.go:71.16,73.3 1 0
github.com/JokerTrickster/joker_backend/services/lottoDefenseService/features/towerDefense/usecase/auth_usecase.go:75.2,78.8 1 1
github.com/JokerTrickster/joker_backend/services/lottoDefenseService/features/towerDefense/usecase/auth_usecase.go:81.111,83.16 2 1
github.com/JokerTrickster/joker_backend/services/lottoDefenseService/features/towerDefense/usecase/auth_usecase.go:83.16,84.45 1 1
github.com/JokerTrickster/joker_backend/services/lottoDefenseService/features/towerDefense/usecase/auth_usecase.go:84.45,86.4 1 1
github.com/JokerTrickster/joker_backend/services/lottoDefenseService/features/towerDefense/usecase/auth_usecase.go:87.3,87.18 1 0
github.com/JokerTrickster/joker_backend/services/lottoDefenseService/features/towerDefense/usecase/auth_usecase.go:91.2,91.103 1 1
github.com/JokerTrickster/joker_backend/services/lottoDefenseService/features/towerDefense/usecase/auth_usecase.go:91.103,93.3 1 1
github.com/JokerTrickster/joker_backend/services/lottoDefenseService/features/towerDefense/usecase/auth_usecase.go:96.2,96.65 1 1
github.com/JokerTrickster/joker_backend/services/lottoDefenseService/features/towerDefense/usecase/auth_usecase.go:96.66,98.3 0 0
github.com/JokerTrickster/joker_backend/services/lottoDefenseService/features/towerDefense/usecase/auth_usecase.go:101.2,102.16 2 1
github.com/JokerTrickster/joker_backend/services/lottoDefenseService/features/towerDefense/usecase/auth_usecase.go:102.16,104.3 1 0
github.com/JokerTrickster/joker_backend/services/lottoDefenseService/features/towerDefense/usecase/auth_usecase.go:106.2,112.8 3 1
github.com/JokerTrickster/joker_backend/services/lottoDefenseService/features/towerDefense/usecase/auth_usecase.go:115.107,117.16 2 1
github.com/JokerTrickster/joker_backend/services/lottoDefenseService/features/towerDefense/usecase/auth_usecase.go:117.16,119.3 1 0
github.com/JokerTrickster/joker_backend/services/lottoDefenseService/features/towerDefense/usecase/auth_usecase.go:121.2,122.16 2 1
github.com/JokerTrickster/joker_backend/services/lottoDefenseService/features/towerDefense/usecase/auth_usecase.go:122.16,124.3 1 0
github.com/JokerTrickster/joker_backend/services/lottoDefenseService/features/towerDefense/usecase/auth_usecase.go:126.2,129.8 1 1
github.com/JokerTrickster/joker_backend/services/lottoDefenseService/features/towerDefense/usecase/auth_usecase.go:132.66,141.2 3 1
github.com/JokerTrickster/joker_backend/services/lottoDefenseService/features/towerDefense/usecase/auth_usecase.go:143.61,151.2 1 1
github.com/JokerTrickster/joker_backend/services/lottoDefenseService/features/towerDefense/usecase/auth_usecase.go:153.74,166.2 1 1
github.com/JokerTrickster/joker_backend/services/lottoDefenseService/features/towerDefense/usecase/game_usecase.go:19.150,25.2 1 1
github.com/JokerTrickster/joker_backend/services/lottoDefenseService/features/towerDefense/usecase/game_usecase.go:27.150,40.55 2 1
github.com/JokerTrickster/joker_backend/services/lottoDefenseService/features/towerDefense/usecase/game_usecase.go:40.55,42.3 1 0
github.com/JokerTrickster/joker_backend/services/lottoDefenseService/features/towerDefense/usecase/game_usecase.go:45.2,46.16 2 1
github.com/JokerTrickster/joker_backend/services/lottoDefenseService/features/towerDefense/usecase/game_usecase.go:46.16,48.3 1 0
github.com/JokerTrickster/joker_backend/services/lottoDefenseService/features/towerDefense/usecase/game_usecase.go:50.2,50.30 1 1
github.com/JokerTrickster/joker_backend/services/lottoDefenseService/features/towerDefense/usecase/game_usecase.go:50.30,53.51 3 1
github.com/JokerTrickster/joker_backend/services/lottoDefenseService/features/towerDefense/usecase/game_usecase.go:53.51,55.4 1 1
github.com/JokerTrickster/joker_backend/services/lottoDefenseService/features/towerDefense/usecase/game_usecase.go:56.8,59.49 3 1
github.com/JokerTrickster/joker_backend/services/lottoDefenseService/features/towerDefense/usecase/game_usecase.go:59.49,61.4 1 1
github.com/JokerTrickster/joker_backend/services/lottoDefenseService/features/towerDefense/usecase/game_usecase.go:62.3,62.30 1 1
github.com/JokerTrickster/joker_backend/services/lottoDefenseService/features/towerDefense/usecase/game_usecase.go:62.30,64.4 1 1
github.com/JokerTrickster/joker_backend/services/lottoDefenseService/features/towerDefense/usecase/game_usecase.go:67.2,70.59 3 1
github.com/JokerTrickster/joker_backend/services/lottoDefenseService/features/towerDefense/usecase/game_usecase.go:70.59,72.3 1 0
github.com/JokerTrickster/joker_backend/services/lottoDefenseService/features/towerDefense/usecase/game_usecase.go:74.2,82.28 3 1
github.com/JokerTrickster/joker_backend/services/lottoDefenseService/features/towerDefense/usecase/game_usecase.go:82.28,84.3 1 1
github.com/JokerTrickster/joker_backend/services/lottoDefenseService/features/towerDefense/usecase/game_usecase.go:86.2,90.8 1 1
github.com/JokerTrickster/joker_backend/services/lottoDefenseService/features/towerDefense/usecase/game_usecase.go:93.146,94.19 1 1
github.com/JokerTrickster/joker_backend/services/lottoDefenseService/features/towerDefense/usecase/game_usecase.go:94.19,96.3 1 1
github.com/JokerTrickster/joker_backend/services/lottoDefenseService/features/towerDefense/usecase/game_usecase.go:97.2,97.20 1 1
github.com/JokerTrickster/joker_backend/services/lottoDefenseService/features/towerDefense/usecase/game_usecase.go:97.20,99.3 1 1
github.com/JokerTrickster/joker_backend/services/lottoDefenseService/features/towerDefense/usecase/game_usecase.go:100.2,100.20 1 1
github.com/JokerTrickster/joker_backend/services/lottoDefenseService/features/towerDefense/usecase/game_usecase.go:100.20,102.3 1 1
github.com/JokerTrickster/joker_backend/services/lottoDefenseService/features/towerDefense/usecase/game_usecase.go:104.2,105.16 2 1
github.com/JokerTrickster/joker_backend/services/lottoDefenseService/features/towerDefense/usecase/game_usecase.go:105.16,107.3 1 0
github.com/JokerTrickster/joker_backend/services/lottoDefenseService/features/towerDefense/usecase/game_usecase.go:109.2,110.28 2 1
github.com/JokerTrickster/joker_backend/services/lottoDefenseService/features/towerDefense/usecase/game_usecase.go:110.28,121.3 1 1
github.com/JokerTrickster/joker_backend/services/lottoDefenseService/features/towerDefense/usecase/game_usecase.go:123.2,126.8 1 1
github.com/JokerTrickster/joker_backend/services/lottoDefenseService/features/towerDefense/usecase/game_usecase.go:129.109,131.16 2 1
github.com/JokerTrickster/joker_backend/services/lottoDefenseService/features/towerDefense/usecase/game_usecase.go:131.16,133.3 1 0
github.com/JokerTrickster/joker_backend/services/lottoDefenseService/features/towerDefense/usecase/game_usecase.go:135.2,136.32 2 1
github.com/JokerTrickster/joker_backend/services/lottoDefenseService/features/towerDefense/usecase/game_usecase.go:136.32,138.3 1 1
github.com/JokerTrickster/joker_backend/services/lottoDefenseService/features/towerDefense/usecase/game_usecase.go:140.2,141.30 2 1
github.com/JokerTrickster/joker_backend/services/lottoDefenseService/features/towerDefense/usecase/game_usecase.go:141.30,143.3 1 1
github.com/JokerTrickster/joker_backend/services/lottoDefenseService/features/towerDefense/usecase/game_usecase.go:145.2,163.8 1 1
github.com/JokerTrickster/joker_backend/services/lottoDefenseService/features/towerDefense/usecase/game_usecase.go:166.116,169.16 2 1
github.com/JokerTrickster/joker_backend/services/lottoDefenseService/features/towerDefense/usecase/game_usecase.go:169.16,171.3 1 0
github.com/JokerTrickster/joker_backend/services/lottoDefenseService/features/towerDefense/usecase/game_usecase.go:173.2,174.33 2 1
github.com/JokerTrickster/joker_backend/services/lottoDefenseService/features/towerDefense/usecase/game_usecase.go:174.33,184.40 2 1
github.com/JokerTrickster/joker_backend/services/lottoDefenseService/features/towerDefense/usecase/game_usecase.go:184.40,187.4 2 1
github.com/JokerTrickster/joker_backend/services/lottoDefenseService/features/towerDefense/usecase/game_usecase.go:190.3,190.25 1 1
github.com/JokerTrickster/joker_backend/services/lottoDefenseService/features/towerDefense/usecase/game_usecase.go:190.25,192.4 1 1
github.com/JokerTrickster/joker_backend/services/lottoDefenseService/features/towerDefense/usecase/game_usecase.go:195.3,195.79 1 1
github.com/JokerTrickster/joker_backend/services/lottoDefenseService/features/towerDefense/usecase/game_usecase.go:195.79,197.47 1 1
github.com/JokerTrickster/joker_backend/services/lottoDefenseService/features/towerDefense/usecase/game_usecase.go:197.47,198.61 1 1
github.com/JokerTrickster/joker_backend/services/lottoDefenseService/features/towerDefense/usecase/game_usecase.go:198.61,201.11 3 1
github.com/JokerTrickster/joker_backend/services/lottoDefenseService/features/towerDefense/usecase/game_usecase.go:206.3,206.21 1 1
github.com/JokerTrickster/joker_backend/services/lottoDefenseService/features/towerDefense/usecase/game_usecase.go:209.2,212.8 1 1
github.com/JokerTrickster/joker_backend/services/lottoDefenseService/features/towerDefense/usecase/quest_usecase.go:20.154,26.2 1 1
github.com/JokerTrickster/joker_backend/services/lottoDefenseService/features/towerDefense/usecase/quest_usecase.go:28.110,30.16 2 1
github.com/JokerTrickster/joker_backend/services/lottoDefenseService/features/towerDefense/usecase/quest_usecase.go:30.16,32.3 1 0
github.com/JokerTrickster/joker_backend/services/lottoDefenseService/features/towerDefense/usecase/quest_usecase.go:34.2,35.27 2 1
github.com/JokerTrickster/joker_backend/services/lottoDefenseService/features/towerDefense/usecase/quest_usecase.go:35.27,37.24 2 1
github.com/JokerTrickster/joker_backend/services/lottoDefenseService/features/towerDefense/usecase/quest_usecase.go:37.24,39.4 1 1
github.com/JokerTrickster/joker_backend/services/lottoDefenseService/features/towerDefense/usecase/quest_usecase.go:41.3,54.4 1 1
github.com/JokerTrickster/joker_backend/services/lottoDefenseService/features/towerDefense/usecase/quest_usecase.go:57.2,57.18 1 1
github.com/JokerTrickster/joker_backend/services/lottoDefenseService/features/towerDefense/usecase/quest_usecase.go:60.168,62.16 2 1
github.com/JokerTrickster/joker_backend/services/lottoDefenseService/features/towerDefense/usecase/quest_usecase.go:62.16,64.3 1 0
github.com/JokerTrickster/joker_backend/services/lottoDefenseService/features/towerDefense/usecase/quest_usecase.go:66.2,66.28 1 1
github.com/JokerTrickster/joker_backend/services/lottoDefenseService/features/towerDefense/usecase/quest_usecase.go:66.28,68.3 1 1
github.com/JokerTrickster/joker_backend/services/lottoDefenseService/features/towerDefense/usecase/quest_usecase.go:70.2,70.80 1 1
github.com/JokerTrickster/joker_backend/services/lottoDefenseService/features/towerDefense/usecase/quest_usecase.go:70.80,72.3 1 0
github.com/JokerTrickster/joker_backend/services/lottoDefenseService/features/towerDefense/usecase/quest_usecase.go:75.2,76.16 2 1
github.com/JokerTrickster/joker_backend/services/lottoDefenseService/features/towerDefense/usecase/quest_usecase.go:76.16,78.3 1 0
github.com/JokerTrickster/joker_backend/services/lottoDefenseService/features/towerDefense/usecase/quest_usecase.go:81.2,81.73 1 1
github.com/JokerTrickster/joker_backend/services/lottoDefenseService/features/towerDefense/usecase/quest_usecase.go:81.73,82.65 1 1
github.com/JokerTrickster/joker_backend/services/lottoDefenseService/features/towerDefense/usecase/quest_usecase.go:82.65,84.4 1 0
github.com/JokerTrickster/joker_backend/services/lottoDefenseService/features/towerDefense/usecase/quest_usecase.go:85.3,87.27 3 1
github.com/JokerTrickster/joker_backend/services/lottoDefenseService/features/towerDefense/usecase/quest_usecase.go:90.2,105.8 2 1
github.com/JokerTrickster/joker_backend/services/lottoDefenseService/features/towerDefense/usecase/quest_usecase.go:108.125,110.16 2 1
github.com/JokerTrickster/joker_backend/services/lottoDefenseService/features/towerDefense/usecase/quest_usecase.go:110.16,111.45 1 1
github.com/JokerTrickster/joker_backend/services/lottoDefenseService/features/towerDefense/usecase/quest_usecase.go:111.45,113.4 1 1
github.com/JokerTrickster/joker_backend/services/lottoDefenseService/features/towerDefense/usecase/quest_usecase.go:114.3,114.18 1 0
github.com/JokerTrickster/joker_backend/services/lottoDefenseService/features/towerDefense/usecase/quest_usecase.go:117.2,117.28 1 1
github.com/JokerTrickster/joker_backend/services/lottoDefenseService/features/towerDefense/usecase/quest_usecase.go:117.28,119.3 1 0
github.com/JokerTrickster/joker_backend/services/lottoDefenseService/features/towerDefense/usecase/quest_usecase.go:121.2,121.33 1 1
github.com/JokerTrickster/joker_backend/services/lottoDefenseService/features/towerDefense/usecase/quest_usecase.go:121.33,123.3 1 1
github.com/JokerTrickster/joker_backend/services/lottoDefenseService/features/towerDefense/usecase/quest_usecase.go:126.2,126.61 1 1
github.com/JokerTrickster/joker_backend/services/lottoDefenseService/features/towerDefense/usecase/quest_usecase.go:126.61,128.3 1 0
github.com/JokerTrickster/joker_backend/services/lottoDefenseService/features/towerDefense/usecase/quest_usecase.go:131.2,132.16 2 1
github.com/JokerTrickster/joker_backend/services/lottoDefenseService/features/towerDefense/usecase/quest_usecase.go:132.16,134.3 1 0
github.com/JokerTrickster/joker_backend/services/lottoDefenseService/features/towerDefense/usecase/quest_usecase.go:136.2,139.59 3 1
github.com/JokerTrickster/joker_backend/services/lottoDefenseService/features/towerDefense/usecase/quest_usecase.go:139.59,141.3 1 0
github.com/JokerTrickster/joker_backend/services/lottoDefenseService/features/towerDefense/usecase/quest_usecase.go:143.2,174.8 6 1
github.com/JokerTrickster/joker_backend/services/lottoDefenseService/features/towerDefense/usecase/room_usecase.go:24.150,30.2 1 1
github.com/JokerTrickster/joker_backend/services/lottoDefenseService/features/towerDefense/usecase/room_usecase.go:32.134,48.53 3 1
github.com/JokerTrickster/joker_backend/services/lottoDefenseService/features/towerDefense/usecase/room_usecase.go:48.53,50.3 1 0
github.com/JokerTrickster/joker_backend/services/lottoDefenseService/features/towerDefense/usecase/room_usecase.go:53.2,60.58 2 1
github.com/JokerTrickster/joker_backend/services/lottoDefenseService/features/towerDefense/usecase/room_usecase.go:60.58,62.3 1 0
github.com/JokerTrickster/joker_backend/services/lottoDefenseService/features/towerDefense/usecase/room_usecase.go:64.2,70.8 1 1
github.com/JokerTrickster/joker_backend/services/lottoDefenseService/features/towerDefense/usecase/room_usecase.go:73.130,75.16 2 1
github.com/JokerTrickster/joker_backend/services/lottoDefenseService/features/towerDefense/usecase/room_usecase.go:75.16,76.45 1 1
github.com/JokerTrickster/joker_backend/services/lottoDefenseService/features/towerDefense/usecase/room_usecase.go:76.45,78.4 1 1
github.com/JokerTrickster/joker_backend/services/lottoDefenseService/features/towerDefense/usecase/room_usecase.go:79.3,79.18 1 0
github.com/JokerTrickster/joker_backend/services/lottoDefenseService/features/towerDefense/usecase/room_usecase.go:82.2,82.44 1 1
github.com/JokerTrickster/joker_backend/services/lottoDefenseService/features/towerDefense/usecase/room_usecase.go:82.44,84.3 1 1
github.com/JokerTrickster/joker_backend/services/lottoDefenseService/features/towerDefense/usecase/room_usecase.go:86.2,86.30 1 1
github.com/JokerTrickster/joker_backend/services/lottoDefenseService/features/towerDefense/usecase/room_usecase.go:86.30,88.3 1 1
github.com/JokerTrickster/joker_backend/services/lottoDefenseService/features/towerDefense/usecase/room_usecase.go:91.2,98.58 2 1
github.com/JokerTrickster/joker_backend/services/lottoDefenseService/features/towerDefense/usecase/room_usecase.go:98.58,100.3 1 0
github.com/JokerTrickster/joker_backend/services/lottoDefenseService/features/towerDefense/usecase/room_usecase.go:103.2,104.53 2 1
github.com/JokerTrickster/joker_backend/services/lottoDefenseService/features/towerDefense/usecase/room_usecase.go:104.53,106.3 1 0
github.com/JokerTrickster/joker_backend/services/lottoDefenseService/features/towerDefense/usecase/room_usecase.go:108.2,115.8 1 1
github.com/JokerTrickster/joker_backend/services/lottoDefenseService/features/towerDefense/usecase/room_usecase.go:118.105,120.16 2 1
github.com/JokerTrickster/joker_backend/services/lottoDefenseService/features/towerDefense/usecase/room_usecase.go:120.16,122.3 1 0
github.com/JokerTrickster/joker_backend/services/lottoDefenseService/features/towerDefense/usecase/room_usecase.go:124.2,125.16 2 1
github.com/JokerTrickster/joker_backend/services/lottoDefenseService/features/towerDefense/usecase/room_usecase.go:125.16,127.3 1 0
github.com/JokerTrickster/joker_backend/services/lottoDefenseService/features/towerDefense/usecase/room_usecase.go:129.2,130.28 2 1
github.com/JokerTrickster/joker_backend/services/lottoDefenseService/features/towerDefense/usecase/room_usecase.go:130.28,133.18 3 1
github.com/JokerTrickster/joker_backend/services/lottoDefenseService/features/towerDefense/usecase/room_usecase.go:133.18,135.4 1 1
github.com/JokerTrickster/joker_backend/services/lottoDefenseService/features/towerDefense/usecase/room_usecase.go:137.3,145.4 1 1
github.com/JokerTrickster/joker_backend/services/lottoDefenseService/features/towerDefense/usecase/room_usecase.go:148.2,161.8 1 1
github.com/JokerTrickster/joker_backend/services/lottoDefenseService/features/towerDefense/usecase/room_usecase.go:164.88,166.2 1 1
github.com/JokerTrickster/joker_backend/services/lottoDefenseService/features/towerDefense/usecase/room_usecase.go:168.133,169.83 1 1
github.com/JokerTrickster/joker_backend/services/lottoDefenseService/features/towerDefense/usecase/room_usecase.go:169.83,171.3 1 0
github.com/JokerTrickster/joker_backend/services/lottoDefenseService/features/towerDefense/usecase/room_usecase.go:173.2,173.31 1 1
github.com/JokerTrickster/joker_backend/services/lottoDefenseService/features/towerDefense/usecase/room_usecase.go:176.128,182.2 2 1
github.com/JokerTrickster/joker_backend/services/lottoDefenseService/features/towerDefense/usecase/room_usecase.go:184.125,186.16 2 1
github.com/JokerTrickster/joker_backend/services/lottoDefenseService/features/towerDefense/usecase/room_usecase.go:186.16,188.3 1 0
github.com/JokerTrickster/joker_backend/services/lottoDefenseService/features/towerDefense/usecase/room_usecase.go:190.2,190.21 1 1
github.com/JokerTrickster/joker_backend/services/lottoDefenseService/features/towerDefense/usecase/room_usecase.go:190.21,192.3 1 1
github.com/JokerTrickster/joker_backend/services/lottoDefenseService/features/towerDefense/usecase/room_usecase.go:195.2,204.66 2 1
github.com/JokerTrickster/joker_backend/services/lottoDefenseService/features/towerDefense/usecase/room_usecase.go:204.66,206.3 1 1
github.com/JokerTrickster/joker_backend/services/lottoDefenseService/features/towerDefense/usecase/room_usecase.go:208.2,217.8 1 1
github.com/JokerTrickster/joker_backend/services/lottoDefenseService/features/towerDefense/usecase/room_usecase.go:220.32,223.19 3 1
github.com/JokerTrickster/joker_backend/services/lottoDefenseService/features/towerDefense/usecase/room_usecase.go:223.19,225.3 1 1
github.com/JokerTrickster/joker_backend/services/lottoDefenseService/features/towerDefense/usecase/room_usecase.go:226.2,226.18 1 1
github.com/JokerTrickster/joker_backend/services/lottoDefenseService/features/towerDefense/handler/auth_handler.go:15.68,19.2 3 0
github.com/JokerTrickster/joker_backend/services/lottoDefenseService/features/towerDefense/handler/auth_handler.go:21.56,25.49 3 1
github.com/JokerTrickster/joker_backend/services/lottoDefenseService/features/towerDefense/handler/auth_handler.go:25.49,27.3 1 1
github.com/JokerTrickster/joker_backend/services/lottoDefenseService/features/towerDefense/handler/auth_handler.go:29.2,30.16 2 1
github.com/JokerTrickster/joker_backend/services/lottoDefenseService/features/towerDefense/handler/auth_handler.go:30.16,32.3 1 1
github.com/JokerTrickster/joker_backend/services/lottoDefenseService/features/towerDefense/handler/auth_handler.go:34.2,34.53 1 1
github.com/JokerTrickster/joker_backend/services/lottoDefenseService/features/towerDefense/handler/auth_handler.go:37.53,41.49 3 1
github.com/JokerTrickster/joker_backend/services/lottoDefenseService/features/towerDefense/handler/auth_handler.go:41.49,43.3 1 0
github.com/JokerTrickster/joker_backend/services/lottoDefenseService/features/towerDefense/handler/auth_handler.go:45.2,46.16 2 1
github.com/JokerTrickster/joker_backend/services/lottoDefenseService/features/towerDefense/handler/auth_handler.go:46.16,48.3 1 1
github.com/JokerTrickster/joker_backend/services/lottoDefenseService/features/towerDefense/handler/auth_handler.go:50.2,50.48 1 1
github.com/JokerTrickster/joker_backend/services/lottoDefenseService/features/towerDefense/handler/auth_handler.go:53.74,56.16 2 1
github.com/JokerTrickster/joker_backend/services/lottoDefenseService/features/towerDefense/handler/auth_handler.go:57.57,58.55 1 1
github.com/JokerTrickster/joker_backend/services/lottoDefenseService/features/towerDefense/handler/auth_handler.go:59.29,60.59 1 1
github.com/JokerTrickster/joker_backend/services/lottoDefenseService/features/towerDefense/handler/auth_handler.go:61.10,62.66 1 1
github.com/JokerTrickster/joker_backend/services/lottoDefenseService/features/towerDefense/handler/coop_state_handler.go:17.73,23.2 3 0
github.com/JokerTrickster/joker_backend/services/lottoDefenseService/features/towerDefense/handler/coop_state_handler.go:26.64,30.16 3 1
github.com/JokerTrickster/joker_backend/services/lottoDefenseService/features/towerDefense/handler/coop_state_handler.go:30.16,32.3 1 1
github.com/JokerTrickster/joker_backend/services/lottoDefenseService/features/towerDefense/handler/coop_state_handler.go:34.2,35.16 2 1
github.com/JokerTrickster/joker_backend/services/lottoDefenseService/features/towerDefense/handler/coop_state_handler.go:35.16,37.3 1 1
github.com/JokerTrickster/joker_backend/services/lottoDefenseService/features/towerDefense/handler/coop_state_handler.go:39.2,40.49 2 1
github.com/JokerTrickster/joker_backend/services/lottoDefenseService/features/towerDefense/handler/coop_state_handler.go:40.49,42.3 1 1
github.com/JokerTrickster/joker_backend/services/lottoDefenseService/features/towerDefense/handler/coop_state_handler.go:45.2,45.74 1 1
github.com/JokerTrickster/joker_backend/services/lottoDefenseService/features/towerDefense/handler/coop_state_handler.go:45.74,47.3 1 1
github.com/JokerTrickster/joker_backend/services/lottoDefenseService/features/towerDefense/handler/coop_state_handler.go:49.2,51.4 1 1
github.com/JokerTrickster/joker_backend/services/lottoDefenseService/features/towerDefense/handler/coop_state_handler.go:55.69,59.16 3 1
github.com/JokerTrickster/joker_backend/services/lottoDefenseService/features/towerDefense/handler/coop_state_handler.go:59.16,61.3 1 1
github.com/JokerTrickster/joker_backend/services/lottoDefenseService/features/towerDefense/handler/coop_state_handler.go:63.2,64.16 2 1
github.com/JokerTrickster/joker_backend/services/lottoDefenseService/features/towerDefense/handler/coop_state_handler.go:64.16,66.3 1 1
github.com/JokerTrickster/joker_backend/services/lottoDefenseService/features/towerDefense/handler/coop_state_handler.go:69.2,70.16 2 1
github.com/JokerTrickster/joker_backend/services/lottoDefenseService/features/towerDefense/handler/coop_state_handler.go:70.16,71.42 1 1
github.com/JokerTrickster/joker_backend/services/lottoDefenseService/features/towerDefense/handler/coop_state_handler.go:71.42,73.4 1 1
github.com/JokerTrickster/joker_backend/services/lottoDefenseService/features/towerDefense/handler/coop_state_handler.go:74.3,74.71 1 1
github.com/JokerTrickster/joker_backend/services/lottoDefenseService/features/towerDefense/handler/coop_state_handler.go:77.2,77.49 1 1
github.com/JokerTrickster/joker_backend/services/lottoDefenseService/features/towerDefense/handler/game_handler.go:15.68,20.2 4 0
github.com/JokerTrickster/joker_backend/services/lottoDefenseService/features/towerDefense/handler/game_handler.go:22.64,26.16 3 1
github.com/JokerTrickster/joker_backend/services/lottoDefenseService/features/towerDefense/handler/game_handler.go:26.16,28.3 1 1
github.com/JokerTrickster/joker_backend/services/lottoDefenseService/features/towerDefense/handler/game_handler.go:30.2,31.49 2 1
github.com/JokerTrickster/joker_backend/services/lottoDefenseService/features/towerDefense/handler/game_handler.go:31.49,33.3 1 1
github.com/JokerTrickster/joker_backend/services/lottoDefenseService/features/towerDefense/handler/game_handler.go:35.2,36.16 2 1
github.com/JokerTrickster/joker_backend/services/lottoDefenseService/features/towerDefense/handler/game_handler.go:36.16,38.3 1 1
github.com/JokerTrickster/joker_backend/services/lottoDefenseService/features/towerDefense/handler/game_handler.go:40.2,40.53 1 1
github.com/JokerTrickster/joker_backend/services/lottoDefenseService/features/towerDefense/handler/game_handler.go:43.58,47.16 3 1
github.com/JokerTrickster/joker_backend/services/lottoDefenseService/features/towerDefense/handler/game_handler.go:47.16,49.3 1 1
github.com/JokerTrickster/joker_backend/services/lottoDefenseService/features/towerDefense/handler/game_handler.go:51.2,58.16 3 1
github.com/JokerTrickster/joker_backend/services/lottoDefenseService/features/towerDefense/handler/game_handler.go:58.16,60.3 1 1
github.com/JokerTrickster/joker_backend/services/lottoDefenseService/features/towerDefense/handler/game_handler.go:62.2,62.48 1 1
github.com/JokerTrickster/joker_backend/services/lottoDefenseService/features/towerDefense/handler/game_handler.go:65.59,69.32 3 1
github.com/JokerTrickster/joker_backend/services/lottoDefenseService/features/towerDefense/handler/game_handler.go:69.32,71.3 1 1
github.com/JokerTrickster/joker_backend/services/lottoDefenseService/features/towerDefense/handler/game_handler.go:73.2,74.16 2 1
github.com/JokerTrickster/joker_backend/services/lottoDefenseService/features/towerDefense/handler/game_handler.go:74.16,76.3 1 1
github.com/JokerTrickster/joker_backend/services/lottoDefenseService/features/towerDefense/handler/game_handler.go:78.2,78.48 1 1
github.com/JokerTrickster/joker_backend/services/lottoDefenseService/features/towerDefense/handler/game_handler.go:81.40,83.2 1 1
github.com/JokerTrickster/joker_backend/services/lottoDefenseService/features/towerDefense/handler/quest_handler.go:15.70,20.2 4 0
github.com/JokerTrickster/joker_backend/services/lottoDefenseService/features/towerDefense/handler/quest_handler.go:22.64,26.16 3 1
github.com/JokerTrickster/joker_backend/services/lottoDefenseService/features/towerDefense/handler/quest_handler.go:26.16,28.3 1 1
github.com/JokerTrickster/joker_backend/services/lottoDefenseService/features/towerDefense/handler/quest_handler.go:30.2,31.16 2 1
github.com/JokerTrickster/joker_backend/services/lottoDefenseService/features/towerDefense/handler/quest_handler.go:31.16,33.3 1 1
github.com/JokerTrickster/joker_backend/services/lottoDefenseService/features/towerDefense/handler/quest_handler.go:35.2,37.4 1 1
github.com/JokerTrickster/joker_backend/services/lottoDefenseService/features/towerDefense/handler/quest_handler.go:40.63,44.16 3 1
github.com/JokerTrickster/joker_backend/services/lottoDefenseService/features/towerDefense/handler/quest_handler.go:44.16,46.3 1 0
github.com/JokerTrickster/joker_backend/services/lottoDefenseService/features/towerDefense/handler/quest_handler.go:48.2,49.16 2 1
github.com/JokerTrickster/joker_backend/services/lottoDefenseService/features/towerDefense/handler/quest_handler.go:49.16,51.3 1 1
github.com/JokerTrickster/joker_backend/services/lottoDefenseService/features/towerDefense/handler/quest_handler.go:53.2,54.49 2 1
github.com/JokerTrickster/joker_backend/services/lottoDefenseService/features/towerDefense/handler/quest_handler.go:54.49,56.3 1 0
github.com/JokerTrickster/joker_backend/services/lottoDefenseService/features/towerDefense/handler/quest_handler.go:58.2,59.16 2 1
github.com/JokerTrickster/joker_backend/services/lottoDefenseService/features/towerDefense/handler/quest_handler.go:59.16,61.3 1 1
github.com/JokerTrickster/joker_backend/services/lottoDefenseService/features/towerDefense/handler/quest_handler.go:63.2,63.48 1 1
github.com/JokerTrickster/joker_backend/services/lottoDefenseService/features/towerDefense/handler/quest_handler.go:66.60,70.16 3 1
github.com/JokerTrickster/joker_backend/services/lottoDefenseService/features/towerDefense/handler/quest_handler.go:70.16,72.3 1 0
github.com/JokerTrickster/joker_backend/services/lottoDefenseService/features/towerDefense/handler/quest_handler.go:74.2,75.16 2 1
github.com/JokerTrickster/joker_backend/services/lottoDefenseService/features/towerDefense/handler/quest_handler.go:75.16,77.3 1 1
github.com/JokerTrickster/joker_backend/services/lottoDefenseService/features/towerDefense/handler/quest_handler.go:79.2,80.16 2 1
github.com/JokerTrickster/joker_backend/services/lottoDefenseService/features/towerDefense/handler/quest_handler.go:80.16,82.3 1 1
github.com/JokerTrickster/joker_backend/services/lottoDefenseService/features/towerDefense/handler/quest_handler.go:84.2,84.48 1 1
github.com/JokerTrickster/joker_backend/services/lottoDefenseService/features/towerDefense/handler/quest_handler.go:87.76,90.16 2 1
github.com/JokerTrickster/joker_backend/services/lottoDefenseService/features/towerDefense/handler/quest_handler.go:91.25,92.55 1 1
github.com/JokerTrickster/joker_backend/services/lottoDefenseService/features/towerDefense/handler/quest_handler.go:93.29,94.57 1 1
github.com/JokerTrickster/joker_backend/services/lottoDefenseService/features/towerDefense/handler/quest_handler.go:95.10,96.66 1 1
github.com/JokerTrickster/joker_backend/services/lottoDefenseService/features/towerDefense/handler/room_handler.go:15.68,22.2 6 0
github.com/JokerTrickster/joker_backend/services/lottoDefenseService/features/towerDefense/handler/room_handler.go:24.58,28.16 3 1
github.com/JokerTrickster/joker_backend/services/lottoDefenseService/features/towerDefense/handler/room_handler.go:28.16,30.3 1 1
github.com/JokerTrickster/joker_backend/services/lottoDefenseService/features/towerDefense/handler/room_handler.go:32.2,33.49 2 1
github.com/JokerTrickster/joker_backend/services/lottoDefenseService/features/towerDefense/handler/room_handler.go:33.49,35.3 1 1
github.com/JokerTrickster/joker_backend/services/lottoDefenseService/features/towerDefense/handler/room_handler.go:37.2,38.16 2 1
github.com/JokerTrickster/joker_backend/services/lottoDefenseService/features/towerDefense/handler/room_handler.go:38.16,40.3 1 1
github.com/JokerTrickster/joker_backend/services/lottoDefenseService/features/towerDefense/handler/room_handler.go:42.2,42.53 1 1
github.com/JokerTrickster/joker_backend/services/lottoDefenseService/features/towerDefense/handler/room_handler.go:45.56,49.16 3 1
github.com/JokerTrickster/joker_backend/services/lottoDefenseService/features/towerDefense/handler/room_handler.go:49.16,51.3 1 0
github.com/JokerTrickster/joker_backend/services/lottoDefenseService/features/towerDefense/handler/room_handler.go:53.2,54.49 2 1
github.com/JokerTrickster/joker_backend/services/lottoDefenseService/features/towerDefense/handler/room_handler.go:54.49,56.3 1 1
github.com/JokerTrickster/joker_backend/services/lottoDefenseService/features/towerDefense/handler/room_handler.go:58.2,59.16 2 1
github.com/JokerTrickster/joker_backend/services/lottoDefenseService/features/towerDefense/handler/room_handler.go:59.16,61.3 1 1
github.com/JokerTrickster/joker_backend/services/lottoDefenseService/features/towerDefense/handler/room_handler.go:63.2,63.48 1 1
github.com/JokerTrickster/joker_backend/services/lottoDefenseService/features/towerDefense/handler/room_handler.go:66.55,70.16 3 1
github.com/JokerTrickster/joker_backend/services/lottoDefenseService/features/towerDefense/handler/room_handler.go:70.16,72.3 1 1
github.com/JokerTrickster/joker_backend/services/lottoDefenseService/features/towerDefense/handler/room_handler.go:74.2,75.16 2 1
github.com/JokerTrickster/joker_backend/services/lottoDefenseService/features/towerDefense/handler/room_handler.go:75.16,77.3 1 1
github.com/JokerTrickster/joker_backend/services/lottoDefenseService/features/towerDefense/handler/room_handler.go:79.2,79.48 1 1
github.com/JokerTrickster/joker_backend/services/lottoDefenseService/features/towerDefense/handler/room_handler.go:82.57,86.16 3 1
github.com/JokerTrickster/joker_backend/services/lottoDefenseService/features/towerDefense/handler/room_handler.go:86.16,88.3 1 1
github.com/JokerTrickster/joker_backend/services/lottoDefenseService/features/towerDefense/handler/room_handler.go:90.2,91.16 2 1
github.com/JokerTrickster/joker_backend/services/lottoDefenseService/features/towerDefense/handler/room_handler.go:91.16,93.3 1 0
github.com/JokerTrickster/joker_backend/services/lottoDefenseService/features/towerDefense/handler/room_handler.go:95.2,95.60 1 1
github.com/JokerTrickster/joker_backend/services/lottoDefenseService/features/towerDefense/handler/room_handler.go:95.60,97.3 1 1
github.com/JokerTrickster/joker_backend/services/lottoDefenseService/features/towerDefense/handler/room_handler.go:99.2,101.4 1 1
github.com/JokerTrickster/joker_backend/services/lottoDefenseService/features/towerDefense/handler/room_handler.go:104.56,108.16 3 1
github.com/JokerTrickster/joker_backend/services/lottoDefenseService/features/towerDefense/handler/room_handler.go:108.16,110.3 1 1
github.com/JokerTrickster/joker_backend/services/lottoDefenseService/features/towerDefense/handler/room_handler.go:112.2,113.16 2 1
github.com/JokerTrickster/joker_backend/services/lottoDefenseService/features/towerDefense/handler/room_handler.go:113.16,115.3 1 1
github.com/JokerTrickster/joker_backend/services/lottoDefenseService/features/towerDefense/handler/room_handler.go:117.2,118.49 2 1
github.com/JokerTrickster/joker_backend/services/lottoDefenseService/features/towerDefense/handler/room_handler.go:118.49,120.3 1 0
github.com/JokerTrickster/joker_backend/services/lottoDefenseService/features/towerDefense/handler/room_handler.go:122.2,123.16 2 1
github.com/JokerTrickster/joker_backend/services/lottoDefenseService/features/towerDefense/handler/room_handler.go:123.16,125.3 1 0
github.com/JokerTrickster/joker_backend/services/lottoDefenseService/features/towerDefense/handler/room_handler.go:127.2,127.48 1 1
github.com/JokerTrickster/joker_backend/services/lottoDefenseService/features/towerDefense/handler/room_handler.go:130.74,133.16 2 1
github.com/JokerTrickster/joker_backend/services/lottoDefenseService/features/towerDefense/handler/room_handler.go:134.24,135.55 1 1
github.com/JokerTrickster/joker_backend/services/lottoDefenseService/features/towerDefense/handler/room_handler.go:136.46,137.55 1 1
github.com/JokerTrickster/joker_backend/services/lottoDefenseService/features/towerDefense/handler/room_handler.go:138.10,139.66 1 1
github.com/JokerTrickster/joker_backend/services/lottoDefenseService/features/towerDefense/handler/routes.go:15.105,39.2 15 0
github.com/JokerTrickster/joker_backend/services/lottoDefenseService/features/towerDefense/handler/user_handler.go:15.106,22.2 3 0
github.com/JokerTrickster/joker_backend/services/lottoDefenseService/features/towerDefense/handler/user_handler.go:24.53,28.16 3 1
github.com/JokerTrickster/joker_backend/services/lottoDefenseService/features/towerDefense/handler/user_handler.go:28.16,30.3 1 1
github.com/JokerTrickster/joker_backend/services/lottoDefenseService/features/towerDefense/handler/user_handler.go:32.2,33.16 2 1
github.com/JokerTrickster/joker_backend/services/lottoDefenseService/features/towerDefense/handler/user_handler.go:33.16,35.3 1 1
github.com/JokerTrickster/joker_backend/services/lottoDefenseService/features/towerDefense/handler/user_handler.go:37.2,37.48 1 1
github.com/JokerTrickster/joker_backend/services/lottoDefenseService/features/towerDefense/handler/user_handler.go:40.56,44.16 3 1
github.com/JokerTrickster/joker_backend/services/lottoDefenseService/features/towerDefense/handler/user_handler.go:44.16,46.3 1 1
github.com/JokerTrickster/joker_backend/services/lottoDefenseService/features/towerDefense/handler/user_handler.go:48.2,49.16 2 1
github.com/JokerTrickster/joker_backend/services/lottoDefenseService/features/towerDefense/handler/user_handler.go:49.16,51.3 1 1
github.com/JokerTrickster/joker_backend/services/lottoDefenseService/features/towerDefense/handler/user_handler.go:53.2,53.48 1 1
github.com/JokerTrickster/joker_backend/services/lottoDefenseService/features/towerDefense/handler/utils.go:11.57,13.2 1 1
github.com/JokerTrickster/joker_backend/services/lottoDefenseService/features/towerDefense/handler/utils.go:16.61,17.36 1 1
github.com/JokerTrickster/joker_backend/services/lottoDefenseService/features/towerDefense/handler/utils.go:17.36,19.3 1 1
github.com/JokerTrickster/joker_backend/services/lottoDefenseService/features/towerDefense/handler/utils.go:20.2,20.40 1 1
github.com/JokerTrickster/joker_backend/services/lottoDefenseService/features/towerDefense/handler/utils.go:20.40,22.3 1 1
github.com/JokerTrickster/joker_backend/services/lottoDefenseService/features/towerDefense/handler/utils.go:23.2,23.12 1 1
github.com/JokerTrickster/joker_backend/services/lottoDefenseService/features/towerDefense/handler/utils.go:27.78,32.2 1 1
github.com/JokerTrickster/joker_backend/services/lottoDefenseService/features/towerDefense/handler/utils.go:35.74,39.2 1 1
github.com/JokerTrickster/joker_backend/services/lottoDefenseService/features/towerDefense/handler/utils.go:42.68,43.41 1 1
github.com/JokerTrickster/joker_backend/services/lottoDefenseService/features/towerDefense/handler/utils.go:43.41,44.48 1 1
github.com/JokerTrickster/joker_backend/services/lottoDefenseService/features/towerDefense/handler/utils.go:44.48,46.4 1 1
github.com/JokerTrickster/joker_backend/services/lottoDefenseService/features/towerDefense/handler/utils.go:48.2,48.21 1 1
github.com/JokerTrickster/joker_backend/services/lottoDefenseService/features/towerDefense/handler/utils.go:52.77,53.41 1 1
github.com/JokerTrickster/joker_backend/services/lottoDefenseService/features/towerDefense/handler/utils.go:53.41,55.3 1 1
github.com/JokerTrickster/joker_backend/services/lottoDefenseService/features/towerDefense/handler/utils.go:56.2,56.21 1 1
github.com/JokerTrickster/joker_backend/services/lottoDefenseService/features/towerDefense/handler/utils.go:60.61,63.16 3 1
github.com/JokerTrickster/joker_backend/services/lottoDefenseService/features/towerDefense/handler/utils.go:63.16,65.3 1 1
github.com/JokerTrickster/joker_backend/services/lottoDefenseService/features/towerDefense/handler/utils.go:66.2,66.22 1 1
github.com/JokerTrickster/joker_backend/services/lottoDefenseService/features/lottoDefense/usecase/game_round_usecase.go:27.163,33.2 1 1
github.com/JokerTrickster/joker_backend/services/lottoDefenseService/features/lottoDefense/usecase/game_round_usecase.go:35.106,42.55 3 1
github.com/JokerTrickster/joker_backend/services/lottoDefenseService/features/lottoDefense/usecase/game_round_usecase.go:42.55,44.3 1 1
github.com/JokerTrickster/joker_backend/services/lottoDefenseService/features/lottoDefense/usecase/game_round_usecase.go:45.2,45.36 1 1
github.com/JokerTrickster/joker_backend/services/lottoDefenseService/features/lottoDefense/usecase/game_round_usecase.go:48.156,50.16 2 1
github.com/JokerTrickster/joker_backend/services/lottoDefenseService/features/lottoDefense/usecase/game_round_usecase.go:50.16,51.45 1 1
github.com/JokerTrickster/joker_backend/services/lottoDefenseService/features/lottoDefense/usecase/game_round_usecase.go:51.45,53.4 1 1
github.com/JokerTrickster/joker_backend/services/lottoDefenseService/features/lottoDefense/usecase/game_round_usecase.go:54.3,54.18 1 0
github.com/JokerTrickster/joker_backend/services/lottoDefenseService/features/lottoDefense/usecase/game_round_usecase.go:56.2,56.46 1 1
github.com/JokerTrickster/joker_backend/services/lottoDefenseService/features/lottoDefense/usecase/game_round_usecase.go:56.46,58.3 1 1
github.com/JokerTrickster/joker_backend/services/lottoDefenseService/features/lottoDefense/usecase/game_round_usecase.go:60.2,64.55 5 1
github.com/JokerTrickster/joker_backend/services/lottoDefenseService/features/lottoDefense/usecase/game_round_usecase.go:64.55,66.3 1 0
github.com/JokerTrickster/joker_backend/services/lottoDefenseService/features/lottoDefense/usecase/game_round_usecase.go:68.2,73.53 3 1
github.com/JokerTrickster/joker_backend/services/lottoDefenseService/features/lottoDefense/usecase/game_round_usecase.go:73.53,75.3 1 0
github.com/JokerTrickster/joker_backend/services/lottoDefenseService/features/lottoDefense/usecase/game_round_usecase.go:77.2,81.8 2 1
github.com/JokerTrickster/joker_backend/services/lottoDefenseService/features/lottoDefense/usecase/game_round_usecase.go:84.119,86.16 2 1
github.com/JokerTrickster/joker_backend/services/lottoDefenseService/features/lottoDefense/usecase/game_round_usecase.go:86.16,88.3 1 0
github.com/JokerTrickster/joker_backend/services/lottoDefenseService/features/lottoDefense/usecase/game_round_usecase.go:89.2,90.24 2 1
github.com/JokerTrickster/joker_backend/services/lottoDefenseService/features/lottoDefense/usecase/game_round_usecase.go:90.24,92.3 1 1
github.com/JokerTrickster/joker_backend/services/lottoDefenseService/features/lottoDefense/usecase/game_round_usecase.go:93.2,93.17 1 1
github.com/JokerTrickster/joker_backend/services/lottoDefenseService/features/lottoDefense/usecase/game_round_usecase.go:96.126,98.16 2 1
github.com/JokerTrickster/joker_backend/services/lottoDefenseService/features/lottoDefense/usecase/game_round_usecase.go:98.16,99.45 1 1
github.com/JokerTrickster/joker_backend/services/lottoDefenseService/features/lottoDefense/usecase/game_round_usecase.go:99.45,101.4 1 1
github.com/JokerTrickster/joker_backend/services/lottoDefenseService/features/lottoDefense/usecase/game_round_usecase.go:102.3,102.18 1 0
github.com/JokerTrickster/joker_backend/services/lottoDefenseService/features/lottoDefense/usecase/game_round_usecase.go:104.2,106.49 3 1
github.com/JokerTrickster/joker_backend/services/lottoDefenseService/features/lottoDefense/usecase/game_round_usecase.go:106.49,108.17 2 1
github.com/JokerTrickster/joker_backend/services/lottoDefenseService/features/lottoDefense/usecase/game_round_usecase.go:108.17,110.4 1 1
github.com/JokerTrickster/joker_backend/services/lottoDefenseService/features/lottoDefense/usecase/game_round_usecase.go:112.2,112.17 1 1
github.com/JokerTrickster/joker_backend/services/lottoDefenseService/features/lottoDefense/usecase/game_round_usecase.go:115.67,125.2 1 1
github.com/JokerTrickster/joker_backend/services/lottoDefenseService/features/lottoDefense/usecase/leaderboard_usecase.go:14.102,16.2 1 1
github.com/JokerTrickster/joker_backend/services/lottoDefenseService/features/lottoDefense/usecase/leaderboard_usecase.go:18.116,19.16 1 1
github.com/JokerTrickster/joker_backend/services/lottoDefenseService/features/lottoDefense/usecase/leaderboard_usecase.go:19.16,21.3 1 1
github.com/JokerTrickster/joker_backend/services/lottoDefenseService/features/lottoDefense/usecase/leaderboard_usecase.go:22.2,22.17 1 1
github.com/JokerTrickster/joker_backend/services/lottoDefenseService/features/lottoDefense/usecase/leaderboard_usecase.go:22.17,24.3 1 1
github.com/JokerTrickster/joker_backend/services/lottoDefenseService/features/lottoDefense/usecase/leaderboard_usecase.go:25.2,26.16 2 1
github.com/JokerTrickster/joker_backend/services/lottoDefenseService/features/lottoDefense/usecase/leaderboard_usecase.go:26.16,28.3 1 1
github.com/JokerTrickster/joker_backend/services/lottoDefenseService/features/lottoDefense/usecase/leaderboard_usecase.go:29.2,30.22 2 1
github.com/JokerTrickster/joker_backend/services/lottoDefenseService/features/lottoDefense/usecase/leaderboard_usecase.go:30.22,37.3 1 1
github.com/JokerTrickster/joker_backend/services/lottoDefenseService/features/lottoDefense/usecase/leaderboard_usecase.go:38.2,38.61 1 1
github.com/JokerTrickster/joker_backend/services/lottoDefenseService/features/lottoDefense/handler/leaderboard_handler.go:15.78,18.2 2 0
github.com/JokerTrickster/joker_backend/services/lottoDefenseService/features/lottoDefense/handler/leaderboard_handler.go:20.67,23.41 3 1
github.com/JokerTrickster/joker_backend/services/lottoDefenseService/features/lottoDefense/handler/leaderboard_handler.go:23.41,24.65 1 1
github.com/JokerTrickster/joker_backend/services/lottoDefenseService/features/lottoDefense/handler/leaderboard_handler.go:24.65,26.4 1 1
github.com/JokerTrickster/joker_backend/services/lottoDefenseService/features/lottoDefense/handler/leaderboard_handler.go:28.2,29.16 2 1
github.com/JokerTrickster/joker_backend/services/lottoDefenseService/features/lottoDefense/handler/leaderboard_handler.go:29.16,31.3 1 1
github.com/JokerTrickster/joker_backend/services/lottoDefenseService/features/lottoDefense/handler/leaderboard_handler.go:32.2,32.36 1 1
github.com/JokerTrickster/joker_backend/services/lottoDefenseService/features/lottoDefense/handler/round_handler.go:18.70,24.2 5 0
github.com/JokerTrickster/joker_backend/services/lottoDefenseService/features/lottoDefense/handler/round_handler.go:26.57,29.16 3 1
github.com/JokerTrickster/joker_backend/services/lottoDefenseService/features/lottoDefense/handler/round_handler.go:29.16,31.3 1 1
github.com/JokerTrickster/joker_backend/services/lottoDefenseService/features/lottoDefense/handler/round_handler.go:32.2,33.16 2 1
github.com/JokerTrickster/joker_backend/services/lottoDefenseService/features/lottoDefense/handler/round_handler.go:33.16,35.3 1 1
github.com/JokerTrickster/joker_backend/services/lottoDefenseService/features/lottoDefense/handler/round_handler.go:36.2,36.41 1 1
github.com/JokerTrickster/joker_backend/services/lottoDefenseService/features/lottoDefense/handler/round_handler.go:39.55,42.16 3 1
github.com/JokerTrickster/joker_backend/services/lottoDefenseService/features/lottoDefense/handler/round_handler.go:42.16,44.3 1 1
github.com/JokerTrickster/joker_backend/services/lottoDefenseService/features/lottoDefense/handler/round_handler.go:45.2,47.16 3 1
github.com/JokerTrickster/joker_backend/services/lottoDefenseService/features/lottoDefense/handler/round_handler.go:47.16,49.3 1 1
github.com/JokerTrickster/joker_backend/services/lottoDefenseService/features/lottoDefense/handler/round_handler.go:50.2,51.37 2 1
github.com/JokerTrickster/joker_backend/services/lottoDefenseService/features/lottoDefense/handler/round_handler.go:51.37,53.3 1 1
github.com/JokerTrickster/joker_backend/services/lottoDefenseService/features/lottoDefense/handler/round_handler.go:54.2,54.41 1 1
github.com/JokerTrickster/joker_backend/services/lottoDefenseService/features/lottoDefense/handler/round_handler.go:54.41,56.3 1 0
github.com/JokerTrickster/joker_backend/services/lottoDefenseService/features/lottoDefense/handler/round_handler.go:57.2,58.16 2 1
github.com/JokerTrickster/joker_backend/services/lottoDefenseService/features/lottoDefense/handler/round_handler.go:58.16,59.92 1 1
github.com/JokerTrickster/joker_backend/services/lottoDefenseService/features/lottoDefense/handler/round_handler.go:59.92,61.4 1 1
github.com/JokerTrickster/joker_backend/services/lottoDefenseService/features/lottoDefense/handler/round_handler.go:62.3,62.101 1 1
github.com/JokerTrickster/joker_backend/services/lottoDefenseService/features/lottoDefense/handler/round_handler.go:64.2,64.36 1 1
github.com/JokerTrickster/joker_backend/services/lottoDefenseService/features/lottoDefense/handler/round_handler.go:67.58,70.16 3 1
github.com/JokerTrickster/joker_backend/services/lottoDefenseService/features/lottoDefense/handler/round_handler.go:70.16,72.3 1 1
github.com/JokerTrickster/joker_backend/services/lottoDefenseService/features/lottoDefense/handler/round_handler.go:73.2,74.41 2 1
github.com/JokerTrickster/joker_backend/services/lottoDefenseService/features/lottoDefense/handler/round_handler.go:74.41,75.65 1 1
github.com/JokerTrickster/joker_backend/services/lottoDefenseService/features/lottoDefense/handler/round_handler.go:75.65,77.4 1 1
github.com/JokerTrickster/joker_backend/services/lottoDefenseService/features/lottoDefense/handler/round_handler.go:79.2,80.16 2 1
github.com/JokerTrickster/joker_backend/services/lottoDefenseService/features/lottoDefense/handler/round_handler.go:80.16,82.3 1 1
github.com/JokerTrickster/joker_backend/services/lottoDefenseService/features/lottoDefense/handler/round_handler.go:83.2,83.36 1 1
github.com/JokerTrickster/joker_backend/services/lottoDefenseService/features/lottoDefense/handler/round_handler.go:86.55,89.16 3 1
github.com/JokerTrickster/joker_backend/services/lottoDefenseService/features/lottoDefense/handler/round_handler.go:89.16,91.3 1 1
github.com/JokerTrickster/joker_backend/services/lottoDefenseService/features/lottoDefense/handler/round_handler.go:92.2,94.16 3 1
github.com/JokerTrickster/joker_backend/services/lottoDefenseService/features/lottoDefense/handler/round_handler.go:94.16,96.3 1 1
github.com/JokerTrickster/joker_backend/services/lottoDefenseService/features/lottoDefense/handler/round_handler.go:97.2,98.16 2 1
github.com/JokerTrickster/joker_backend/services/lottoDefenseService/features/lottoDefense/handler/round_handler.go:98.16,99.47 1 1
github.com/JokerTrickster/joker_backend/services/lottoDefenseService/features/lottoDefense/handler/round_handler.go:99.47,101.4 1 1
github.com/JokerTrickster/joker_backend/services/lottoDefenseService/features/lottoDefense/handler/round_handler.go:102.3,102.101 1 1
github.com/JokerTrickster/joker_backend/services/lottoDefenseService/features/lottoDefense/handler/round_handler.go:104.2,104.36 1 1
github.com/JokerTrickster/joker_backend/services/lottoDefenseService/features/lottoDefense/handler/routes.go:13.49,22.2 7 0
github.com/JokerTrickster/joker_backend/services/lottoDefenseService/features/lottoDefense/handler/utils.go:8.57,10.2 1 1
